2026-09-19 12:19:51,700 - tmu.util.cuda_profiler - WARNING - Could not import pycuda: No module named 'pycuda'
2026-09-19 12:19:51,700 - tmu.clause_bank.clause_bank_cuda - ERROR - No module named 'pycuda'
Traceback (most recent call last):
  File "/tmp/tmenv/lib/python3.11/site-packages/tmu/clause_bank/clause_bank_cuda.py", line 41, in <module>
    from pycuda._driver import Device, Context
ModuleNotFoundError: No module named 'pycuda'
2026-09-19 12:19:51,701 - tmu.clause_bank.clause_bank_cuda - WARNING - Could not import pycuda. This indicates that it is not installed! A possible fix is to run 'pip install pycuda'. Fallback to CPU ClauseBanks.
capacity 500 60 0.9358333333333334
capacity 1000 150 0.9359999999999999
capacity 2000 300 0.9354999999999999
{
  "bayes_ceiling_test_id": [
    0.9501999999999999,
    0.0028035691537752383
  ],
  "lr_acc": [
    0.9078000000000002,
    0.0030594117081556736
  ],
  "a1_required_tm_acc": 0.9578000000000002,
  "a1_feasible": false,
  "tm_capacity_check_3seeds": {
    "c500_T40_s5.0_e60": [
      0.9358333333333334,
      0.003399346342395193
    ],
    "c1000_T80_s5.0_e150": [
      0.9359999999999999,
      0.003894440481849297
    ],
    "c2000_T160_s5.0_e300": [
      0.9354999999999999,
      0.0018708286933869426
    ]
  },
  "a5_unweighted_strict": [
    1,
    1,
    1,
    1,
    1
  ],
  "a5_unweighted_lenient": [
    2,
    2,
    2,
    2,
    2
  ],
  "a5_weighted_strict": [
    2,
    2,
    0,
    0,
    1
  ],
  "a5_weighted_lenient": [
    2,
    2,
    2,
    1,
    2
  ]
}
