----------------------------------------
Exception occurred during processing of request from ('127.0.0.1', 45288)
Traceback (most recent call last):
  File "/home/coder/.local/share/uv/python/cpython-3.12.14-linux-x86_64-gnu/lib/python3.12/socketserver.py", line 697, in process_request_thread
    self.finish_request(request, client_address)
  File "/home/coder/.local/share/uv/python/cpython-3.12.14-linux-x86_64-gnu/lib/python3.12/socketserver.py", line 362, in finish_request
    self.RequestHandlerClass(request, client_address, self)
  File "/home/coder/.local/share/uv/python/cpython-3.12.14-linux-x86_64-gnu/lib/python3.12/socketserver.py", line 766, in __init__
    self.handle()
  File "/home/coder/.local/share/uv/python/cpython-3.12.14-linux-x86_64-gnu/lib/python3.12/http/server.py", line 440, in handle
    self.handle_one_request()
  File "/home/coder/.local/share/uv/python/cpython-3.12.14-linux-x86_64-gnu/lib/python3.12/http/server.py", line 428, in handle_one_request
    method()
  File "/home/coder/r-or-01/src-340b1d0/tests/integration/orchestrator/scripted_endpoint.py", line 353, in do_POST
    self.wfile.write(body)
  File "/home/coder/.local/share/uv/python/cpython-3.12.14-linux-x86_64-gnu/lib/python3.12/socketserver.py", line 845, in write
    self._sock.sendall(b)
BrokenPipeError: [Errno 32] Broken pipe
----------------------------------------
----------------------------------------
Exception occurred during processing of request from ('127.0.0.1', 39576)
Traceback (most recent call last):
  File "/home/coder/.local/share/uv/python/cpython-3.12.14-linux-x86_64-gnu/lib/python3.12/socketserver.py", line 697, in process_request_thread
    self.finish_request(request, client_address)
  File "/home/coder/.local/share/uv/python/cpython-3.12.14-linux-x86_64-gnu/lib/python3.12/socketserver.py", line 362, in finish_request
    self.RequestHandlerClass(request, client_address, self)
  File "/home/coder/.local/share/uv/python/cpython-3.12.14-linux-x86_64-gnu/lib/python3.12/socketserver.py", line 766, in __init__
    self.handle()
  File "/home/coder/.local/share/uv/python/cpython-3.12.14-linux-x86_64-gnu/lib/python3.12/http/server.py", line 440, in handle
    self.handle_one_request()
  File "/home/coder/.local/share/uv/python/cpython-3.12.14-linux-x86_64-gnu/lib/python3.12/http/server.py", line 428, in handle_one_request
    method()
  File "/home/coder/r-or-01/src-340b1d0/tests/integration/orchestrator/scripted_endpoint.py", line 353, in do_POST
    self.wfile.write(body)
  File "/home/coder/.local/share/uv/python/cpython-3.12.14-linux-x86_64-gnu/lib/python3.12/socketserver.py", line 845, in write
    self._sock.sendall(b)
BrokenPipeError: [Errno 32] Broken pipe
----------------------------------------
----------------------------------------
Exception occurred during processing of request from ('127.0.0.1', 54488)
Traceback (most recent call last):
  File "/home/coder/.local/share/uv/python/cpython-3.12.14-linux-x86_64-gnu/lib/python3.12/socketserver.py", line 697, in process_request_thread
    self.finish_request(request, client_address)
  File "/home/coder/.local/share/uv/python/cpython-3.12.14-linux-x86_64-gnu/lib/python3.12/socketserver.py", line 362, in finish_request
    self.RequestHandlerClass(request, client_address, self)
  File "/home/coder/.local/share/uv/python/cpython-3.12.14-linux-x86_64-gnu/lib/python3.12/socketserver.py", line 766, in __init__
    self.handle()
  File "/home/coder/.local/share/uv/python/cpython-3.12.14-linux-x86_64-gnu/lib/python3.12/http/server.py", line 440, in handle
    self.handle_one_request()
  File "/home/coder/.local/share/uv/python/cpython-3.12.14-linux-x86_64-gnu/lib/python3.12/http/server.py", line 428, in handle_one_request
    method()
  File "/home/coder/r-or-01/src-340b1d0/tests/integration/orchestrator/scripted_endpoint.py", line 353, in do_POST
    self.wfile.write(body)
  File "/home/coder/.local/share/uv/python/cpython-3.12.14-linux-x86_64-gnu/lib/python3.12/socketserver.py", line 845, in write
    self._sock.sendall(b)
BrokenPipeError: [Errno 32] Broken pipe
----------------------------------------
----------------------------------------
Exception occurred during processing of request from ('127.0.0.1', 54578)
Traceback (most recent call last):
  File "/home/coder/.local/share/uv/python/cpython-3.12.14-linux-x86_64-gnu/lib/python3.12/socketserver.py", line 697, in process_request_thread
    self.finish_request(request, client_address)
  File "/home/coder/.local/share/uv/python/cpython-3.12.14-linux-x86_64-gnu/lib/python3.12/socketserver.py", line 362, in finish_request
    self.RequestHandlerClass(request, client_address, self)
  File "/home/coder/.local/share/uv/python/cpython-3.12.14-linux-x86_64-gnu/lib/python3.12/socketserver.py", line 766, in __init__
    self.handle()
  File "/home/coder/.local/share/uv/python/cpython-3.12.14-linux-x86_64-gnu/lib/python3.12/http/server.py", line 440, in handle
    self.handle_one_request()
  File "/home/coder/.local/share/uv/python/cpython-3.12.14-linux-x86_64-gnu/lib/python3.12/http/server.py", line 428, in handle_one_request
    method()
  File "/home/coder/r-or-01/src-340b1d0/tests/integration/orchestrator/scripted_endpoint.py", line 353, in do_POST
    self.wfile.write(body)
  File "/home/coder/.local/share/uv/python/cpython-3.12.14-linux-x86_64-gnu/lib/python3.12/socketserver.py", line 845, in write
    self._sock.sendall(b)
BrokenPipeError: [Errno 32] Broken pipe
----------------------------------------
----------------------------------------
Exception occurred during processing of request from ('127.0.0.1', 49120)
Traceback (most recent call last):
  File "/home/coder/.local/share/uv/python/cpython-3.12.14-linux-x86_64-gnu/lib/python3.12/socketserver.py", line 697, in process_request_thread
    self.finish_request(request, client_address)
  File "/home/coder/.local/share/uv/python/cpython-3.12.14-linux-x86_64-gnu/lib/python3.12/socketserver.py", line 362, in finish_request
    self.RequestHandlerClass(request, client_address, self)
  File "/home/coder/.local/share/uv/python/cpython-3.12.14-linux-x86_64-gnu/lib/python3.12/socketserver.py", line 766, in __init__
    self.handle()
  File "/home/coder/.local/share/uv/python/cpython-3.12.14-linux-x86_64-gnu/lib/python3.12/http/server.py", line 440, in handle
    self.handle_one_request()
  File "/home/coder/.local/share/uv/python/cpython-3.12.14-linux-x86_64-gnu/lib/python3.12/http/server.py", line 428, in handle_one_request
    method()
  File "/home/coder/r-or-01/src-340b1d0/tests/integration/orchestrator/scripted_endpoint.py", line 353, in do_POST
    self.wfile.write(body)
  File "/home/coder/.local/share/uv/python/cpython-3.12.14-linux-x86_64-gnu/lib/python3.12/socketserver.py", line 845, in write
    self._sock.sendall(b)
BrokenPipeError: [Errno 32] Broken pipe
----------------------------------------
----------------------------------------
Exception occurred during processing of request from ('127.0.0.1', 47476)
Traceback (most recent call last):
  File "/home/coder/.local/share/uv/python/cpython-3.12.14-linux-x86_64-gnu/lib/python3.12/socketserver.py", line 697, in process_request_thread
    self.finish_request(request, client_address)
  File "/home/coder/.local/share/uv/python/cpython-3.12.14-linux-x86_64-gnu/lib/python3.12/socketserver.py", line 362, in finish_request
    self.RequestHandlerClass(request, client_address, self)
  File "/home/coder/.local/share/uv/python/cpython-3.12.14-linux-x86_64-gnu/lib/python3.12/socketserver.py", line 766, in __init__
    self.handle()
  File "/home/coder/.local/share/uv/python/cpython-3.12.14-linux-x86_64-gnu/lib/python3.12/http/server.py", line 440, in handle
    self.handle_one_request()
  File "/home/coder/.local/share/uv/python/cpython-3.12.14-linux-x86_64-gnu/lib/python3.12/http/server.py", line 428, in handle_one_request
    method()
  File "/home/coder/r-or-01/src-340b1d0/tests/integration/orchestrator/scripted_endpoint.py", line 353, in do_POST
    self.wfile.write(body)
  File "/home/coder/.local/share/uv/python/cpython-3.12.14-linux-x86_64-gnu/lib/python3.12/socketserver.py", line 845, in write
    self._sock.sendall(b)
BrokenPipeError: [Errno 32] Broken pipe
----------------------------------------
----------------------------------------
Exception occurred during processing of request from ('127.0.0.1', 44006)
Traceback (most recent call last):
  File "/home/coder/.local/share/uv/python/cpython-3.12.14-linux-x86_64-gnu/lib/python3.12/socketserver.py", line 697, in process_request_thread
    self.finish_request(request, client_address)
  File "/home/coder/.local/share/uv/python/cpython-3.12.14-linux-x86_64-gnu/lib/python3.12/socketserver.py", line 362, in finish_request
    self.RequestHandlerClass(request, client_address, self)
  File "/home/coder/.local/share/uv/python/cpython-3.12.14-linux-x86_64-gnu/lib/python3.12/socketserver.py", line 766, in __init__
    self.handle()
  File "/home/coder/.local/share/uv/python/cpython-3.12.14-linux-x86_64-gnu/lib/python3.12/http/server.py", line 440, in handle
    self.handle_one_request()
  File "/home/coder/.local/share/uv/python/cpython-3.12.14-linux-x86_64-gnu/lib/python3.12/http/server.py", line 428, in handle_one_request
    method()
  File "/home/coder/r-or-01/src-340b1d0/tests/integration/orchestrator/scripted_endpoint.py", line 353, in do_POST
    self.wfile.write(body)
  File "/home/coder/.local/share/uv/python/cpython-3.12.14-linux-x86_64-gnu/lib/python3.12/socketserver.py", line 845, in write
    self._sock.sendall(b)
BrokenPipeError: [Errno 32] Broken pipe
----------------------------------------
----------------------------------------
Exception occurred during processing of request from ('127.0.0.1', 36674)
Traceback (most recent call last):
  File "/home/coder/.local/share/uv/python/cpython-3.12.14-linux-x86_64-gnu/lib/python3.12/socketserver.py", line 697, in process_request_thread
    self.finish_request(request, client_address)
  File "/home/coder/.local/share/uv/python/cpython-3.12.14-linux-x86_64-gnu/lib/python3.12/socketserver.py", line 362, in finish_request
    self.RequestHandlerClass(request, client_address, self)
  File "/home/coder/.local/share/uv/python/cpython-3.12.14-linux-x86_64-gnu/lib/python3.12/socketserver.py", line 766, in __init__
    self.handle()
  File "/home/coder/.local/share/uv/python/cpython-3.12.14-linux-x86_64-gnu/lib/python3.12/http/server.py", line 440, in handle
    self.handle_one_request()
  File "/home/coder/.local/share/uv/python/cpython-3.12.14-linux-x86_64-gnu/lib/python3.12/http/server.py", line 428, in handle_one_request
    method()
  File "/home/coder/r-or-01/src-340b1d0/tests/integration/orchestrator/scripted_endpoint.py", line 353, in do_POST
    self.wfile.write(body)
  File "/home/coder/.local/share/uv/python/cpython-3.12.14-linux-x86_64-gnu/lib/python3.12/socketserver.py", line 845, in write
    self._sock.sendall(b)
BrokenPipeError: [Errno 32] Broken pipe
----------------------------------------
----------------------------------------
Exception occurred during processing of request from ('127.0.0.1', 42226)
Traceback (most recent call last):
  File "/home/coder/.local/share/uv/python/cpython-3.12.14-linux-x86_64-gnu/lib/python3.12/socketserver.py", line 697, in process_request_thread
    self.finish_request(request, client_address)
  File "/home/coder/.local/share/uv/python/cpython-3.12.14-linux-x86_64-gnu/lib/python3.12/socketserver.py", line 362, in finish_request
    self.RequestHandlerClass(request, client_address, self)
  File "/home/coder/.local/share/uv/python/cpython-3.12.14-linux-x86_64-gnu/lib/python3.12/socketserver.py", line 766, in __init__
    self.handle()
  File "/home/coder/.local/share/uv/python/cpython-3.12.14-linux-x86_64-gnu/lib/python3.12/http/server.py", line 440, in handle
    self.handle_one_request()
  File "/home/coder/.local/share/uv/python/cpython-3.12.14-linux-x86_64-gnu/lib/python3.12/http/server.py", line 428, in handle_one_request
    method()
  File "/home/coder/r-or-01/src-340b1d0/tests/integration/orchestrator/scripted_endpoint.py", line 353, in do_POST
    self.wfile.write(body)
  File "/home/coder/.local/share/uv/python/cpython-3.12.14-linux-x86_64-gnu/lib/python3.12/socketserver.py", line 845, in write
    self._sock.sendall(b)
BrokenPipeError: [Errno 32] Broken pipe
----------------------------------------
----------------------------------------
Exception occurred during processing of request from ('127.0.0.1', 32800)
Traceback (most recent call last):
  File "/home/coder/.local/share/uv/python/cpython-3.12.14-linux-x86_64-gnu/lib/python3.12/socketserver.py", line 697, in process_request_thread
    self.finish_request(request, client_address)
  File "/home/coder/.local/share/uv/python/cpython-3.12.14-linux-x86_64-gnu/lib/python3.12/socketserver.py", line 362, in finish_request
    self.RequestHandlerClass(request, client_address, self)
  File "/home/coder/.local/share/uv/python/cpython-3.12.14-linux-x86_64-gnu/lib/python3.12/socketserver.py", line 766, in __init__
    self.handle()
  File "/home/coder/.local/share/uv/python/cpython-3.12.14-linux-x86_64-gnu/lib/python3.12/http/server.py", line 440, in handle
    self.handle_one_request()
  File "/home/coder/.local/share/uv/python/cpython-3.12.14-linux-x86_64-gnu/lib/python3.12/http/server.py", line 428, in handle_one_request
    method()
  File "/home/coder/r-or-01/src-340b1d0/tests/integration/orchestrator/scripted_endpoint.py", line 353, in do_POST
    self.wfile.write(body)
  File "/home/coder/.local/share/uv/python/cpython-3.12.14-linux-x86_64-gnu/lib/python3.12/socketserver.py", line 845, in write
    self._sock.sendall(b)
BrokenPipeError: [Errno 32] Broken pipe
----------------------------------------
